[madebydesignesia.com/themes/stradale/index.html]
[backblue.gif]
[fade.gif]
[index.html]
[madebydesignesia.com/themes/stradale/images/icon.png]
[madebydesignesia.com/themes/stradale/css/bootstrap.min.css]
[madebydesignesia.com/themes/stradale/css/mdb.min.css]
[madebydesignesia.com/themes/stradale/css/plugins.css]
[madebydesignesia.com/themes/stradale/css/style.css]
[madebydesignesia.com/themes/stradale/css/coloring.css]
[madebydesignesia.com/themes/stradale/images/logo.png]
[madebydesignesia.com/themes/stradale/index-2.html]
[madebydesignesia.com/themes/stradale/index-3.html]
[madebydesignesia.com/themes/stradale/02_index.html]
[madebydesignesia.com/themes/stradale/02_index-2.html]
[madebydesignesia.com/themes/stradale/menu.html]
[madebydesignesia.com/themes/stradale/02_menu-1.html]
[madebydesignesia.com/themes/stradale/02_menu-2.html]
[madebydesignesia.com/themes/stradale/reservation.html]
[madebydesignesia.com/themes/stradale/blog.html]
[madebydesignesia.com/themes/stradale/gallery.html]
[madebydesignesia.com/themes/stradale/icons-elegant.html]
[madebydesignesia.com/themes/stradale/icons-etline.html]
[madebydesignesia.com/themes/stradale/icons-font-awesome.html]
[madebydesignesia.com/themes/stradale/modal.html]
[madebydesignesia.com/themes/stradale/popover.html]
[madebydesignesia.com/themes/stradale/tabs.html]
[madebydesignesia.com/themes/stradale/tooltips.html]
[madebydesignesia.com/themes/stradale/contact.html]
[madebydesignesia.com/themes/stradale/images/misc/2.png]
[madebydesignesia.com/themes/stradale/images/misc/1.jpg]
[madebydesignesia.com/themes/stradale/images/misc/3.png]
[madebydesignesia.com/themes/stradale/images/misc/2.jpg]
[madebydesignesia.com/themes/stradale/images/gallery/1.jpg]
[madebydesignesia.com/themes/stradale/images/gallery/2.jpg]
[madebydesignesia.com/themes/stradale/images/gallery/3.jpg]
[madebydesignesia.com/themes/stradale/images/gallery/4.jpg]
[madebydesignesia.com/themes/stradale/images/misc/1.png]
[madebydesignesia.com/themes/stradale/images/background/1.jpg]
[madebydesignesia.com/themes/stradale/images/background/2.jpg]
[madebydesignesia.com/themes/stradale/images/background/3.jpg]
[madebydesignesia.com/themes/stradale/blog-single.html]
[madebydesignesia.com/themes/stradale/images/blog/1.jpg]
[madebydesignesia.com/themes/stradale/images/blog/2.jpg]
[madebydesignesia.com/themes/stradale/images/blog/3.jpg]
[madebydesignesia.com/themes/stradale/images/blog/4.jpg]
[madebydesignesia.com/themes/stradale/images/blog/5.jpg]
[madebydesignesia.com/themes/stradale/images/background/4.jpg]
[madebydesignesia.com/themes/stradale/js/jquery.min.js]
[madebydesignesia.com/themes/stradale/js/bootstrap.bundle.min.js]
[madebydesignesia.com/themes/stradale/js/plugins.min.js]
[madebydesignesia.com/themes/stradale/js/designesia.js]
[madebydesignesia.com/themes/stradale/index.html]
[madebydesignesia.com/themes/stradale/css/bootstrap.min.css]
[mdbootstrap.com/img/svg/flags.png]
[madebydesignesia.com/themes/stradale/css/mdb.min.css]
[madebydesignesia.com/themes/stradale/css/plugins.css]
[madebydesignesia.com/themes/stradale/fonts/font-awesome/css/font-awesome.css]
[madebydesignesia.com/themes/stradale/fonts/elegant_font/HTML_CSS/style.css]
[madebydesignesia.com/themes/stradale/fonts/et-line-font/style.css]
[madebydesignesia.com/themes/stradale/fonts/icofont/icofont.min.css]
[madebydesignesia.com/themes/stradale/images/ui/arrow-down-select.png]
[madebydesignesia.com/themes/stradale/images/ui/icon-x-light.png]
[mdbootstrap.com/img/Photos/Others/images/76.jpg]
[mdbootstrap.com/img/Photos/Others/images/77.jpg]
[mdbootstrap.com/img/Photos/Others/images/78.jpg]
[madebydesignesia.com/themes/stradale/images/ui/arrow-down.png]
[madebydesignesia.com/themes/stradale/images/ui/arrow-down-light.png]
[madebydesignesia.com/themes/stradale/images/ui/arrow-up.png]
[madebydesignesia.com/themes/stradale/images/ui/arrow-up-light.png]
[madebydesignesia.com/themes/stradale/css/style.css]
[madebydesignesia.com/themes/stradale/css/coloring.css]
[madebydesignesia.com/themes/stradale/css/colors/scheme-01.css]
[madebydesignesia.com/themes/stradale/images/misc/icon-1.png]
[madebydesignesia.com/themes/stradale/images/misc/icon-2.png]
[madebydesignesia.com/themes/stradale/images/misc/icon-3.png]
[madebydesignesia.com/themes/stradale/images/background/9.jpg]
[madebydesignesia.com/themes/stradale/index-2.html]
[madebydesignesia.com/themes/stradale/images/background/7.jpg]
[madebydesignesia.com/themes/stradale/images/background/8.jpg]
[madebydesignesia.com/themes/stradale/images/gallery/5.jpg]
[madebydesignesia.com/themes/stradale/images/gallery/6.jpg]
[madebydesignesia.com/themes/stradale/index-3.html]
[madebydesignesia.com/themes/stradale/02_images-restaurant/icon.png]
[madebydesignesia.com/themes/stradale/css/custom-1.css]
[madebydesignesia.com/themes/stradale/02_images-restaurant/logo.png]
[madebydesignesia.com/themes/stradale/02_images-restaurant/logo-2.png]
[madebydesignesia.com/themes/stradale/02_images-restaurant/misc/2.png]
[madebydesignesia.com/themes/stradale/02_images-restaurant/misc/1.jpg]
[madebydesignesia.com/themes/stradale/02_images-restaurant/misc/3.png]
[madebydesignesia.com/themes/stradale/02_images-restaurant/misc/2.jpg]
[madebydesignesia.com/themes/stradale/02_images-restaurant/background/1.jpg]
[madebydesignesia.com/themes/stradale/02_images-restaurant/misc/1.png]
[madebydesignesia.com/themes/stradale/02_images-restaurant/menu/appetizers/1.jpg]
[madebydesignesia.com/themes/stradale/02_images-restaurant/menu/appetizers/2.jpg]
[madebydesignesia.com/themes/stradale/02_images-restaurant/menu/appetizers/3.jpg]
[madebydesignesia.com/themes/stradale/02_images-restaurant/menu/appetizers/4.jpg]
[madebydesignesia.com/themes/stradale/02_images-restaurant/menu/appetizers/5.jpg]
[madebydesignesia.com/themes/stradale/02_images-restaurant/menu/pasta/1.jpg]
[madebydesignesia.com/themes/stradale/02_images-restaurant/menu/pasta/2.jpg]
[madebydesignesia.com/themes/stradale/02_images-restaurant/menu/pasta/3.jpg]
[madebydesignesia.com/themes/stradale/02_images-restaurant/menu/pasta/4.jpg]
[madebydesignesia.com/themes/stradale/02_images-restaurant/menu/pasta/5.jpg]
[madebydesignesia.com/themes/stradale/02_images-restaurant/menu/pizza/1.jpg]
[madebydesignesia.com/themes/stradale/02_images-restaurant/menu/pizza/2.jpg]
[madebydesignesia.com/themes/stradale/02_images-restaurant/menu/pizza/3.jpg]
[madebydesignesia.com/themes/stradale/02_images-restaurant/menu/pizza/4.jpg]
[madebydesignesia.com/themes/stradale/02_images-restaurant/menu/pizza/5.jpg]
[madebydesignesia.com/themes/stradale/02_images-restaurant/background/2.jpg]
[madebydesignesia.com/themes/stradale/02_images-restaurant/blog/1.jpg]
[madebydesignesia.com/themes/stradale/02_images-restaurant/blog/2.jpg]
[madebydesignesia.com/themes/stradale/02_images-restaurant/blog/3.jpg]
[madebydesignesia.com/themes/stradale/02_images-restaurant/blog/4.jpg]
[madebydesignesia.com/themes/stradale/02_images-restaurant/blog/5.jpg]
[madebydesignesia.com/themes/stradale/02_images-restaurant/gallery/1.jpg]
[madebydesignesia.com/themes/stradale/02_images-restaurant/gallery/2.jpg]
[madebydesignesia.com/themes/stradale/02_images-restaurant/gallery/3.jpg]
[madebydesignesia.com/themes/stradale/02_images-restaurant/gallery/4.jpg]
[madebydesignesia.com/themes/stradale/02_images-restaurant/gallery/5.jpg]
[madebydesignesia.com/themes/stradale/02_images-restaurant/gallery/6.jpg]
[madebydesignesia.com/themes/stradale/02_index.html]
[madebydesignesia.com/themes/stradale/02_images-restaurant/background/3.jpg]
[madebydesignesia.com/themes/stradale/02_images-restaurant/menu/png/1.png]
[madebydesignesia.com/themes/stradale/02_images-restaurant/menu/png/2.png]
[madebydesignesia.com/themes/stradale/02_images-restaurant/menu/png/3.png]
[madebydesignesia.com/themes/stradale/02_images-restaurant/menu/png/4.png]
[madebydesignesia.com/themes/stradale/02_images-restaurant/background/4.jpg]
[madebydesignesia.com/themes/stradale/02_index-2.html]
[madebydesignesia.com/themes/stradale/menu.html]
[madebydesignesia.com/themes/stradale/02_menu-1.html]
[madebydesignesia.com/themes/stradale/02_images-restaurant/menu/png/5.png]
[madebydesignesia.com/themes/stradale/02_images-restaurant/menu/png/6.png]
[madebydesignesia.com/themes/stradale/02_images-restaurant/menu/png/7.png]
[madebydesignesia.com/themes/stradale/02_images-restaurant/menu/png/8.png]
[madebydesignesia.com/themes/stradale/02_menu-2.html]
[madebydesignesia.com/themes/stradale/images/background/5.jpg]
[www.google.com/recaptcha/api.js]
[madebydesignesia.com/themes/stradale/form.js]
[madebydesignesia.com/themes/stradale/reservation.html]
[madebydesignesia.com/themes/stradale/images/background/subheader.jpg]
[madebydesignesia.com/themes/stradale/images/blog/6.jpg]
[madebydesignesia.com/themes/stradale/blog.html]
[madebydesignesia.com/themes/stradale/images/background/10.jpg]
[madebydesignesia.com/themes/stradale/gallery.html]
[madebydesignesia.com/themes/stradale/icons-elegant.html]
[madebydesignesia.com/themes/stradale/icons-etline.html]
[madebydesignesia.com/themes/stradale/icons-font-awesome.html]
[madebydesignesia.com/themes/stradale/modal.html]
[madebydesignesia.com/themes/stradale/popover.html]
[madebydesignesia.com/themes/stradale/tabs.html]
[madebydesignesia.com/themes/stradale/tooltips.html]
[madebydesignesia.com/themes/stradale/images/background/6.jpg]
[madebydesignesia.com/themes/stradale/contact.html]
[madebydesignesia.com/themes/stradale/images/ui/avatar.jpg]
[madebydesignesia.com/themes/stradale/blog-single.html]
[madebydesignesia.com/themes/stradale/css/owl.video.play.html]
[madebydesignesia.com/themes/stradale/fonts/font-awesome/fonts/fontawesome-webfont3e6e.eot]
[madebydesignesia.com/themes/stradale/fonts/font-awesome/fonts/fontawesome-webfontd41d.eot]
[madebydesignesia.com/themes/stradale/fonts/font-awesome/fonts/fontawesome-webfont3e6e.woff2]
[madebydesignesia.com/themes/stradale/fonts/font-awesome/fonts/fontawesome-webfont3e6e.woff]
[madebydesignesia.com/themes/stradale/fonts/font-awesome/fonts/fontawesome-webfont3e6e.ttf]
[madebydesignesia.com/themes/stradale/fonts/font-awesome/css/font-awesome.css]
[madebydesignesia.com/themes/stradale/fonts/font-awesome/fonts/fontawesome-webfont3e6e.svg]
[madebydesignesia.com/themes/stradale/fonts/elegant_font/HTML_CSS/fonts/ElegantIcons.eot]
[madebydesignesia.com/themes/stradale/fonts/elegant_font/HTML_CSS/fonts/ElegantIconsd41d.eot]
[madebydesignesia.com/themes/stradale/fonts/elegant_font/HTML_CSS/fonts/ElegantIcons.woff]
[madebydesignesia.com/themes/stradale/fonts/elegant_font/HTML_CSS/fonts/ElegantIcons.ttf]
[madebydesignesia.com/themes/stradale/fonts/elegant_font/HTML_CSS/style.css]
[madebydesignesia.com/themes/stradale/fonts/elegant_font/HTML_CSS/fonts/ElegantIcons.svg]
[madebydesignesia.com/themes/stradale/fonts/et-line-font/fonts/et-line.eot]
[madebydesignesia.com/themes/stradale/fonts/et-line-font/fonts/et-lined41d.eot]
[madebydesignesia.com/themes/stradale/fonts/et-line-font/fonts/et-line.woff]
[madebydesignesia.com/themes/stradale/fonts/et-line-font/fonts/et-line.ttf]
[madebydesignesia.com/themes/stradale/fonts/et-line-font/style.css]
[madebydesignesia.com/themes/stradale/fonts/icofont/fonts/icofont.woff2]
[madebydesignesia.com/themes/stradale/fonts/et-line-font/fonts/et-line.svg]
[madebydesignesia.com/themes/stradale/fonts/icofont/fonts/icofont.woff]
[madebydesignesia.com/themes/stradale/fonts/icofont/icofont.min.css]
[madebydesignesia.com/themes/stradale/images/ui/arrow-down-form.html]
[madebydesignesia.com/themes/stradale/images/ui/arrow-down-form-hover.html]
[madebydesignesia.com/themes/stradale/images_02/dotted.html]
[madebydesignesia.com/themes/stradale/images_02/icon-slide-plus.html]
[madebydesignesia.com/themes/stradale/images_02/icon-slide-min.html]
[madebydesignesia.com/themes/stradale/images_02/close.html]
[madebydesignesia.com/themes/stradale/images_02/close-2.html]
[madebydesignesia.com/themes/stradale/images_02/icon-url.html]
[madebydesignesia.com/themes/stradale/images_02/icon-zoom.html]
[madebydesignesia.com/themes/stradale/images_02/list-arrow.html]
[madebydesignesia.com/themes/stradale/images/background/bg-header.html]
[madebydesignesia.com/themes/stradale/css/colors/scheme-02.css]
[madebydesignesia.com/themes/stradale/css/custom-1.css]
[madebydesignesia.com/themes/stradale/fonts/font-awesome/fonts/fontawesome-webfont3e6e.svg]
[madebydesignesia.com/themes/stradale/fonts/elegant_font/HTML_CSS/fonts/ElegantIcons.svg]
[madebydesignesia.com/themes/stradale/fonts/et-line-font/fonts/et-line.svg]
